
> eraflex-new@0.1.0 build
> next build

Γû▓ Next.js 16.1.6 (Turbopack)
- Environments: .env.local

  Creating an optimized production build ...
node.exe : 
At line:1 char:1
+ & "C:\Program 
Files\nodejs/node.exe" 
"C:\Program 
Files\nodejs/node_mo ...
+ ~~~~~~~~~~~~~~~~~~~~~~~~~~~
~~~~~~~~~~~~~~~~~~~~~~~~~~~~~
~~~~~~~~~~~~~
    + CategoryInfo           
   : NotSpecified: (:String  
  ) [], RemoteException
    + FullyQualifiedErrorId  
   : NativeCommandError
 
> Build error occurred
Error: Turbopack build 
failed with 3 errors:
./src/app/api/chat/route.ts:2
:1
Module not found: Can't 
resolve '@ai-sdk/openai'
[0m [90m 1 |[39m 
[36mimport[39m { 
streamText } [36mfrom[39m 
[32m'ai'[39m[33m;[39m
[31m[1m>[22m[39m[90m 2 
|[39m [36mimport[39m { 
openai } [36mfrom[39m [32m
'@ai-sdk/openai'[39m[33m;[
39m
 [90m   |[39m [31m[1m^[2
2m[39m[31m[1m^[22m[39m[
31m[1m^[22m[39m[31m[1m^
[22m[39m[31m[1m^[22m[39m
[31m[1m^[22m[39m[31m[1m
^[22m[39m[31m[1m^[22m[3
9m[31m[1m^[22m[39m[31m[
1m^[22m[39m[31m[1m^[22m
[39m[31m[1m^[22m[39m[31m
[1m^[22m[39m[31m[1m^[22
m[39m[31m[1m^[22m[39m[3
1m[1m^[22m[39m[31m[1m^[
22m[39m[31m[1m^[22m[39m
[31m[1m^[22m[39m[31m[1m^
[22m[39m[31m[1m^[22m[39
m[31m[1m^[22m[39m[31m[1
m^[22m[39m[31m[1m^[22m[
39m[31m[1m^[22m[39m[31m
[1m^[22m[39m[31m[1m^[22m
[39m[31m[1m^[22m[39m[31
m[1m^[22m[39m[31m[1m^[2
2m[39m[31m[1m^[22m[39m[
31m[1m^[22m[39m[31m[1m^
[22m[39m[31m[1m^[22m[39m
[31m[1m^[22m[39m[31m[1m
^[22m[39m[31m[1m^[22m[3
9m[31m[1m^[22m[39m[31m[
1m^[22m[39m[31m[1m^[22m
[39m
 [90m 3 |[39m
 [90m 4 |[39m 
[36mexport[39m 
[36mconst[39m maxDuration 
[33m=[39m 
[35m30[39m[33m;[39m
 [90m 5 |[39m[0m



https://nextjs.org/docs/messa
ges/module-not-found


./src/components/shared/ChatW
idget.tsx:7:1
Module not found: Can't 
resolve '@ai-sdk/react'
[0m [90m  5 |[39m 
[36mimport[39m { [33mMessa
geSquare[39m[33m,[39m 
[33mSend[39m[33m,[39m 
[33mX[39m[33m,[39m 
[33mBot[39m[33m,[39m 
[33mUser[39m[33m,[39m 
[33mLoader2[39m } 
[36mfrom[39m [32m"lucide-r
eact"[39m[33m;[39m
 [90m  6 |[39m 
[36mimport[39m { cn } 
[36mfrom[39m [32m"@/lib/ut
ils"[39m[33m;[39m
[31m[1m>[22m[39m[90m  7 
|[39m [36mimport[39m { 
useChat[33m,[39m type 
[33mUIMessage[39m } 
[36mfrom[39m [32m"@ai-sdk/
react"[39m[33m;[39m
 [90m    |[39m [31m[1m^[
22m[39m[31m[1m^[22m[39m
[31m[1m^[22m[39m[31m[1m^
[22m[39m[31m[1m^[22m[39
m[31m[1m^[22m[39m[31m[1
m^[22m[39m[31m[1m^[22m[
39m[31m[1m^[22m[39m[31m
[1m^[22m[39m[31m[1m^[22m
[39m[31m[1m^[22m[39m[31
m[1m^[22m[39m[31m[1m^[2
2m[39m[31m[1m^[22m[39m[
31m[1m^[22m[39m[31m[1m^
[22m[39m[31m[1m^[22m[39m
[31m[1m^[22m[39m[31m[1m
^[22m[39m[31m[1m^[22m[3
9m[31m[1m^[22m[39m[31m[
1m^[22m[39m[31m[1m^[22m
[39m[31m[1m^[22m[39m[31m
[1m^[22m[39m[31m[1m^[22
m[39m[31m[1m^[22m[39m[3
1m[1m^[22m[39m[31m[1m^[
22m[39m[31m[1m^[22m[39m
[31m[1m^[22m[39m[31m[1m^
[22m[39m[31m[1m^[22m[39
m[31m[1m^[22m[39m[31m[1
m^[22m[39m[31m[1m^[22m[
39m[31m[1m^[22m[39m[31m
[1m^[22m[39m[31m[1m^[22m
[39m[31m[1m^[22m[39m[31
m[1m^[22m[39m[31m[1m^[2
2m[39m[31m[1m^[22m[39m[
31m[1m^[22m[39m[31m[1m^
[22m[39m[31m[1m^[22m[39m
[31m[1m^[22m[39m[31m[1m
^[22m[39m[31m[1m^[22m[3
9m[31m[1m^[22m[39m[31m[
1m^[22m[39m[31m[1m^[22m
[39m[31m[1m^[22m[39m[31m
[1m^[22m[39m[31m[1m^[22
m[39m
 [90m  8 |[39m
 [90m  9 |[39m 
[36mexport[39m 
[36mconst[39m 
[33mChatWidget[39m 
[33m=[39m () [33m=>[39m {
 [90m 10 |[39m   
[36mconst[39m 
[isOpen[33m,[39m 
setIsOpen] [33m=[39m useSta
te([36mfalse[39m)[33m;[39
m[0m



Import trace:
  Server Component:
    ./src/components/shared/C
hatWidget.tsx
    ./src/app/layout.tsx

https://nextjs.org/docs/messa
ges/module-not-found


./src/app/api/chat/route.ts:1
:1
Module not found: Can't 
resolve 'ai'
[0m[31m[1m>[22m[39m[90m
 1 |[39m [36mimport[39m { 
streamText } [36mfrom[39m 
[32m'ai'[39m[33m;[39m
 [90m   |[39m [31m[1m^[2
2m[39m[31m[1m^[22m[39m[
31m[1m^[22m[39m[31m[1m^
[22m[39m[31m[1m^[22m[39m
[31m[1m^[22m[39m[31m[1m
^[22m[39m[31m[1m^[22m[3
9m[31m[1m^[22m[39m[31m[
1m^[22m[39m[31m[1m^[22m
[39m[31m[1m^[22m[39m[31m
[1m^[22m[39m[31m[1m^[22
m[39m[31m[1m^[22m[39m[3
1m[1m^[22m[39m[31m[1m^[
22m[39m[31m[1m^[22m[39m
[31m[1m^[22m[39m[31m[1m^
[22m[39m[31m[1m^[22m[39
m[31m[1m^[22m[39m[31m[1
m^[22m[39m[31m[1m^[22m[
39m[31m[1m^[22m[39m[31m
[1m^[22m[39m[31m[1m^[22m
[39m[31m[1m^[22m[39m[31
m[1m^[22m[39m[31m[1m^[2
2m[39m[31m[1m^[22m[39m[
31m[1m^[22m[39m
 [90m 2 |[39m 
[36mimport[39m { openai } 
[36mfrom[39m [32m'@ai-sdk/
openai'[39m[33m;[39m
 [90m 3 |[39m
 [90m 4 |[39m 
[36mexport[39m 
[36mconst[39m maxDuration 
[33m=[39m 
[35m30[39m[33m;[39m[0m



https://nextjs.org/docs/messa
ges/module-not-found


    at <unknown> (./src/app/a
pi/chat/route.ts:2:1)
    at <unknown> (https://nex
tjs.org/docs/messages/module-
not-found)
    at <unknown> (./src/compo
nents/shared/ChatWidget.tsx:7
:1)
    at <unknown> (https://nex
tjs.org/docs/messages/module-
not-found)
    at <unknown> (./src/app/a
pi/chat/route.ts:1:1)
    at <unknown> (https://nex
tjs.org/docs/messages/module-
not-found)
